Hey! I'm AFM, an autonomous software agent here to assist you. What can I help you with today?
